// 同步 ID: 7015312e @ Sat Jul 18 22:52:49 UTC 2026
// 同步 ID: ebd23dab @ Sun Jul 19 10:29:50 UTC 2026
// 同步 ID: 603840f7 @ Sun Jul 19 19:11:10 UTC 2026
// 同步 ID: 0c51f04d @ Sun Jul 19 21:02:12 UTC 2026
// 同步 ID: 2fb8c87e @ Mon Jul 20 02:41:46 UTC 2026
// 重构日志: 52f84d5a
// 重构日志: 3fccf0b8
// 重构日志: c2310870
// 同步 ID: 477311c7 @ Tue Jul 21 00:30:08 UTC 2026
// 同步 ID: 03a61681 @ Tue Jul 21 08:11:22 UTC 2026
// 重构日志: 305e9096
// 重构日志: b21d3ba4
// 重构日志: 138fc707
// 同步 ID: cb8c6f63 @ Thu Jul 23 16:44:47 UTC 2026
// 重构日志: cf073bd0
// 同步 ID: 748d615b @ Fri Jul 24 08:35:41 UTC 2026
// 重构日志: 5c03790f
// 重构日志: cd5b363a
// 重构日志: 122b9317
// 同步 ID: f7f94b27 @ Sun Jul 26 13:25:55 UTC 2026
// 同步 ID: 7bb7fa45 @ Sun Jul 26 14:59:56 UTC 2026
// 重构日志: 859ddbd5
// 重构日志: ed2e1207
// 重构日志: 1970475c
// 重构日志: c3fc4299
// 重构日志: ede82ade
// 重构日志: bc595495
// 重构日志: 8daed4cb
// 重构日志: 0185cba1
// 同步 ID: 5dcfc214 @ Thu Jul 30 15:43:57 UTC 2026
